{
  "description": "should parse a program with a function that returns an integer constant with a single value inline type definition",
  "module": {
    "name": "Order",
    "exposes": {
      "exposed": ["create"]
    },
    "moduleStatements": {
      "statementList": [{
        "kind": "function",
        "fncStatement": {
          "kind": "functionWithInlineTypeDef",
          "functionName": "create",
          "defArgs": {
            "args": []
          },
          "functionTypeDefValueTypes": [{
            "kind": "valueTypeSingle",
            "valueTypeName": "Integer"
          }],
          "functionExpr": {
            "kind": "arithmeticExpr",
            "arithmeticExpr": {
              "kind": "integerConst",
              "intConstValue": 3043923
            }
          }
        }
      }]
    }
  }
}