{
  "description": "should parse a program with a function that returns a list of strings with a list value inline type definition",
  "module": {
    "name": "Order",
    "exposes": {
      "exposed": ["create"]
    },
    "moduleStatements": {
      "statementList": [{
        "kind": "function",
        "fncStatement": {
          "kind": "functionWithInlineTypeDef",
          "functionName": "create",
          "defArgs": {
            "args": []
          },
          "functionTypeDefValueTypes": [{
            "kind": "valueTypeList",
            "valueTypeName": "String"
          }],
          "functionExpr": {
            "kind": "list",
            "listElements": [
              {
                "kind": "listElemExpr",
                "listElemExpression": {
                  "kind": "stringLiteral",
                  "stringLiteralValue": "931dd27e-5c78-4953-9742-52138fb9e9ba"
                }
              },
              {
                "kind": "listElemExpr",
                "listElemExpression": {
                  "kind": "stringLiteral",
                  "stringLiteralValue": "3870354d-0648-4bd5-ba01-1dd3cd44539a"
                }
              }
            ]
          }
        }
      }]
    }
  }
}